2025-06-27 16:07:24.280 | INFO     | __main__:runPipeline:49 - Start Time: 2025-06-27 16:07:24
2025-06-27 16:07:24.280 | INFO     | __main__:runPipeline:50 - Start portfolio sorts pipeline...
2025-06-27 16:07:24.593 | INFO     | __main__:calcMonthlyExcessReturn:92 - Processed risk free rates saved to courseMaterialPortfolioSorts/solution/RiskFreeRatesFilteredMonthly.parquet
2025-06-27 16:07:25.420 | INFO     | __main__:calcMonthlyExcessReturn:126 - Processed data saved to courseMaterialPortfolioSorts/solution/SPXConstituentsPricesPrepared.parquet
2025-06-27 16:07:25.424 | INFO     | __main__:runPipeline:64 - Portfolio sorts pipeline done!
2025-06-27 16:07:25.425 | INFO     | __main__:runPipeline:65 - End Time: 2025-06-27 16:07:25
2025-06-27 16:07:25.425 | INFO     | __main__:runPipeline:66 - Duration: 00:00:01
2025-06-27 16:23:31.997 | INFO     | __main__:runPipeline:49 - Start Time: 2025-06-27 16:23:31
2025-06-27 16:23:31.998 | INFO     | __main__:runPipeline:50 - Start portfolio sorts pipeline...
2025-06-27 16:23:32.291 | INFO     | __main__:calcMonthlyExcessReturn:93 - Processed risk free rates saved to courseMaterialPortfolioSorts/solution/RiskFreeRatesFilteredMonthly.parquet
2025-06-27 16:23:33.247 | INFO     | __main__:calcMonthlyExcessReturn:127 - Processed data saved to courseMaterialPortfolioSorts/solution/SPXConstituentsPricesPrepared.parquet
2025-06-27 16:23:37.929 | INFO     | __main__:mergeData:165 - Merged data saved to courseMaterialPortfolioSorts/solution/MergedInputData.parquet
2025-06-27 16:23:38.009 | INFO     | __main__:runPipeline:64 - Portfolio sorts pipeline done!
2025-06-27 16:23:38.010 | INFO     | __main__:runPipeline:65 - End Time: 2025-06-27 16:23:38
2025-06-27 16:23:38.010 | INFO     | __main__:runPipeline:66 - Duration: 00:00:06
2025-06-27 16:45:09.454 | INFO     | __main__:runPipeline:52 - Start Time: 2025-06-27 16:45:09
2025-06-27 16:45:09.454 | INFO     | __main__:runPipeline:53 - Start portfolio sorts pipeline...
2025-06-27 16:45:09.738 | INFO     | __main__:calcMonthlyExcessReturn:95 - Processed risk free rates saved to courseMaterialPortfolioSorts/solution/RiskFreeRatesFilteredMonthly.parquet
2025-06-27 16:45:10.713 | INFO     | __main__:calcMonthlyExcessReturn:129 - Processed data saved to courseMaterialPortfolioSorts/solution/SPXConstituentsPricesPrepared.parquet
2025-06-27 16:45:15.407 | INFO     | __main__:mergeData:167 - Merged data saved to courseMaterialPortfolioSorts/solution/MergedInputData.parquet
2025-06-27 16:45:16.555 | INFO     | __main__:getSortingDates:207 - Filtered dataset saved to courseMaterialPortfolioSorts/solution/MergedInputDataFiltered.parquet
2025-06-27 16:45:16.555 | INFO     | __main__:getSortingDates:208 - Sorting dates saved to courseMaterialPortfolioSorts/solution/SortingDates.parquet
2025-06-27 16:45:16.589 | INFO     | __main__:runPipeline:67 - Portfolio sorts pipeline done!
2025-06-27 16:45:16.590 | INFO     | __main__:runPipeline:68 - End Time: 2025-06-27 16:45:16
2025-06-27 16:45:16.590 | INFO     | __main__:runPipeline:69 - Duration: 00:00:07
